[0.493s] Invoking command in '/home/hiwi/workspaces/kinova_ws/kinova-ros2/overlay_ws/src/kinova_ops': PYTHONPATH=/home/hiwi/workspaces/kinova_ws/kinova-ros2/overlay_ws/build/kinova_ops/prefix_override:/home/hiwi/.local/lib/python3.10/site-packages/colcon_core/task/python/colcon_distutils_commands:/home/hiwi/workspaces/kinova_ws/kinova-ros2/overlay_ws/install/kinova_ops/lib/python3.10/site-packages:${PYTHONPATH} /usr/bin/python3 -W ignore:setup.py install is deprecated setup.py egg_info --egg-base ../../build/kinova_ops build --build-base /home/hiwi/workspaces/kinova_ws/kinova-ros2/overlay_ws/build/kinova_ops/build install --record /home/hiwi/workspaces/kinova_ws/kinova-ros2/overlay_ws/build/kinova_ops/install.log --single-version-externally-managed install_data
[0.618s] running egg_info
[0.618s] creating ../../build/kinova_ops/kinova_ops.egg-info
[0.618s] writing ../../build/kinova_ops/kinova_ops.egg-info/PKG-INFO
[0.619s] writing dependency_links to ../../build/kinova_ops/kinova_ops.egg-info/dependency_links.txt
[0.619s] writing entry points to ../../build/kinova_ops/kinova_ops.egg-info/entry_points.txt
[0.619s] writing requirements to ../../build/kinova_ops/kinova_ops.egg-info/requires.txt
[0.619s] writing top-level names to ../../build/kinova_ops/kinova_ops.egg-info/top_level.txt
[0.619s] writing manifest file '../../build/kinova_ops/kinova_ops.egg-info/SOURCES.txt'
[0.619s] reading manifest file '../../build/kinova_ops/kinova_ops.egg-info/SOURCES.txt'
[0.620s] writing manifest file '../../build/kinova_ops/kinova_ops.egg-info/SOURCES.txt'
[0.620s] running build
[0.620s] running build_py
[0.620s] creating /home/hiwi/workspaces/kinova_ws/kinova-ros2/overlay_ws/build/kinova_ops/build
[0.620s] creating /home/hiwi/workspaces/kinova_ws/kinova-ros2/overlay_ws/build/kinova_ops/build/lib
[0.620s] creating /home/hiwi/workspaces/kinova_ws/kinova-ros2/overlay_ws/build/kinova_ops/build/lib/kinova_ops
[0.620s] copying kinova_ops/kinova_ops2.py -> /home/hiwi/workspaces/kinova_ws/kinova-ros2/overlay_ws/build/kinova_ops/build/lib/kinova_ops
[0.620s] copying kinova_ops/__init__.py -> /home/hiwi/workspaces/kinova_ws/kinova-ros2/overlay_ws/build/kinova_ops/build/lib/kinova_ops
[0.620s] copying kinova_ops/kinova_ops.py -> /home/hiwi/workspaces/kinova_ws/kinova-ros2/overlay_ws/build/kinova_ops/build/lib/kinova_ops
[0.620s] copying kinova_ops/kinova_ops3.py -> /home/hiwi/workspaces/kinova_ws/kinova-ros2/overlay_ws/build/kinova_ops/build/lib/kinova_ops
[0.621s] running install
[0.621s] running install_lib
[0.622s] creating /home/hiwi/workspaces/kinova_ws/kinova-ros2/overlay_ws/install/kinova_ops/lib/python3.10/site-packages/kinova_ops
[0.622s] copying /home/hiwi/workspaces/kinova_ws/kinova-ros2/overlay_ws/build/kinova_ops/build/lib/kinova_ops/kinova_ops2.py -> /home/hiwi/workspaces/kinova_ws/kinova-ros2/overlay_ws/install/kinova_ops/lib/python3.10/site-packages/kinova_ops
[0.622s] copying /home/hiwi/workspaces/kinova_ws/kinova-ros2/overlay_ws/build/kinova_ops/build/lib/kinova_ops/__init__.py -> /home/hiwi/workspaces/kinova_ws/kinova-ros2/overlay_ws/install/kinova_ops/lib/python3.10/site-packages/kinova_ops
[0.622s] copying /home/hiwi/workspaces/kinova_ws/kinova-ros2/overlay_ws/build/kinova_ops/build/lib/kinova_ops/kinova_ops.py -> /home/hiwi/workspaces/kinova_ws/kinova-ros2/overlay_ws/install/kinova_ops/lib/python3.10/site-packages/kinova_ops
[0.622s] copying /home/hiwi/workspaces/kinova_ws/kinova-ros2/overlay_ws/build/kinova_ops/build/lib/kinova_ops/kinova_ops3.py -> /home/hiwi/workspaces/kinova_ws/kinova-ros2/overlay_ws/install/kinova_ops/lib/python3.10/site-packages/kinova_ops
[0.622s] byte-compiling /home/hiwi/workspaces/kinova_ws/kinova-ros2/overlay_ws/install/kinova_ops/lib/python3.10/site-packages/kinova_ops/kinova_ops2.py to kinova_ops2.cpython-310.pyc
[0.622s] byte-compiling /home/hiwi/workspaces/kinova_ws/kinova-ros2/overlay_ws/install/kinova_ops/lib/python3.10/site-packages/kinova_ops/__init__.py to __init__.cpython-310.pyc
[0.622s] byte-compiling /home/hiwi/workspaces/kinova_ws/kinova-ros2/overlay_ws/install/kinova_ops/lib/python3.10/site-packages/kinova_ops/kinova_ops.py to kinova_ops.cpython-310.pyc
[0.623s] byte-compiling /home/hiwi/workspaces/kinova_ws/kinova-ros2/overlay_ws/install/kinova_ops/lib/python3.10/site-packages/kinova_ops/kinova_ops3.py to kinova_ops3.cpython-310.pyc
[0.623s] running install_data
[0.623s] creating /home/hiwi/workspaces/kinova_ws/kinova-ros2/overlay_ws/install/kinova_ops/share/ament_index
[0.623s] creating /home/hiwi/workspaces/kinova_ws/kinova-ros2/overlay_ws/install/kinova_ops/share/ament_index/resource_index
[0.623s] creating /home/hiwi/workspaces/kinova_ws/kinova-ros2/overlay_ws/install/kinova_ops/share/ament_index/resource_index/packages
[0.623s] copying resource/kinova_ops -> /home/hiwi/workspaces/kinova_ws/kinova-ros2/overlay_ws/install/kinova_ops/share/ament_index/resource_index/packages
[0.623s] copying package.xml -> /home/hiwi/workspaces/kinova_ws/kinova-ros2/overlay_ws/install/kinova_ops/share/kinova_ops
[0.623s] copying launch/kinova_ops.launch.py -> /home/hiwi/workspaces/kinova_ws/kinova-ros2/overlay_ws/install/kinova_ops/share/kinova_ops
[0.623s] running install_egg_info
[0.624s] Copying ../../build/kinova_ops/kinova_ops.egg-info to /home/hiwi/workspaces/kinova_ws/kinova-ros2/overlay_ws/install/kinova_ops/lib/python3.10/site-packages/kinova_ops-0.0.0-py3.10.egg-info
[0.624s] running install_scripts
[0.635s] Installing kinova_ops script to /home/hiwi/workspaces/kinova_ws/kinova-ros2/overlay_ws/install/kinova_ops/lib/kinova_ops
[0.636s] Installing kinova_ops2 script to /home/hiwi/workspaces/kinova_ws/kinova-ros2/overlay_ws/install/kinova_ops/lib/kinova_ops
[0.636s] Installing kinova_ops3 script to /home/hiwi/workspaces/kinova_ws/kinova-ros2/overlay_ws/install/kinova_ops/lib/kinova_ops
[0.636s] writing list of installed files to '/home/hiwi/workspaces/kinova_ws/kinova-ros2/overlay_ws/build/kinova_ops/install.log'
[0.658s] Invoked command in '/home/hiwi/workspaces/kinova_ws/kinova-ros2/overlay_ws/src/kinova_ops' returned '0': PYTHONPATH=/home/hiwi/workspaces/kinova_ws/kinova-ros2/overlay_ws/build/kinova_ops/prefix_override:/home/hiwi/.local/lib/python3.10/site-packages/colcon_core/task/python/colcon_distutils_commands:/home/hiwi/workspaces/kinova_ws/kinova-ros2/overlay_ws/install/kinova_ops/lib/python3.10/site-packages:${PYTHONPATH} /usr/bin/python3 -W ignore:setup.py install is deprecated setup.py egg_info --egg-base ../../build/kinova_ops build --build-base /home/hiwi/workspaces/kinova_ws/kinova-ros2/overlay_ws/build/kinova_ops/build install --record /home/hiwi/workspaces/kinova_ws/kinova-ros2/overlay_ws/build/kinova_ops/install.log --single-version-externally-managed install_data
