/home/hiwi/workspaces/kinova_ws/kinova-ros2/overlay_ws/install/kinova_ops/lib/python3.10/site-packages/kinova_ops/kinova_ops2.py
/home/hiwi/workspaces/kinova_ws/kinova-ros2/overlay_ws/install/kinova_ops/lib/python3.10/site-packages/kinova_ops/__init__.py
/home/hiwi/workspaces/kinova_ws/kinova-ros2/overlay_ws/install/kinova_ops/lib/python3.10/site-packages/kinova_ops/kinova_ops.py
/home/hiwi/workspaces/kinova_ws/kinova-ros2/overlay_ws/install/kinova_ops/lib/python3.10/site-packages/kinova_ops/kinova_ops3.py
/home/hiwi/workspaces/kinova_ws/kinova-ros2/overlay_ws/install/kinova_ops/lib/python3.10/site-packages/kinova_ops/__pycache__/kinova_ops2.cpython-310.pyc
/home/hiwi/workspaces/kinova_ws/kinova-ros2/overlay_ws/install/kinova_ops/lib/python3.10/site-packages/kinova_ops/__pycache__/__init__.cpython-310.pyc
/home/hiwi/workspaces/kinova_ws/kinova-ros2/overlay_ws/install/kinova_ops/lib/python3.10/site-packages/kinova_ops/__pycache__/kinova_ops.cpython-310.pyc
/home/hiwi/workspaces/kinova_ws/kinova-ros2/overlay_ws/install/kinova_ops/lib/python3.10/site-packages/kinova_ops/__pycache__/kinova_ops3.cpython-310.pyc
/home/hiwi/workspaces/kinova_ws/kinova-ros2/overlay_ws/install/kinova_ops/share/ament_index/resource_index/packages/kinova_ops
/home/hiwi/workspaces/kinova_ws/kinova-ros2/overlay_ws/install/kinova_ops/share/kinova_ops/package.xml
/home/hiwi/workspaces/kinova_ws/kinova-ros2/overlay_ws/install/kinova_ops/share/kinova_ops/kinova_ops.launch.py
/home/hiwi/workspaces/kinova_ws/kinova-ros2/overlay_ws/install/kinova_ops/lib/python3.10/site-packages/kinova_ops-0.0.0-py3.10.egg-info/PKG-INFO
/home/hiwi/workspaces/kinova_ws/kinova-ros2/overlay_ws/install/kinova_ops/lib/python3.10/site-packages/kinova_ops-0.0.0-py3.10.egg-info/entry_points.txt
/home/hiwi/workspaces/kinova_ws/kinova-ros2/overlay_ws/install/kinova_ops/lib/python3.10/site-packages/kinova_ops-0.0.0-py3.10.egg-info/dependency_links.txt
/home/hiwi/workspaces/kinova_ws/kinova-ros2/overlay_ws/install/kinova_ops/lib/python3.10/site-packages/kinova_ops-0.0.0-py3.10.egg-info/top_level.txt
/home/hiwi/workspaces/kinova_ws/kinova-ros2/overlay_ws/install/kinova_ops/lib/python3.10/site-packages/kinova_ops-0.0.0-py3.10.egg-info/requires.txt
/home/hiwi/workspaces/kinova_ws/kinova-ros2/overlay_ws/install/kinova_ops/lib/python3.10/site-packages/kinova_ops-0.0.0-py3.10.egg-info/SOURCES.txt
/home/hiwi/workspaces/kinova_ws/kinova-ros2/overlay_ws/install/kinova_ops/lib/python3.10/site-packages/kinova_ops-0.0.0-py3.10.egg-info/zip-safe
/home/hiwi/workspaces/kinova_ws/kinova-ros2/overlay_ws/install/kinova_ops/lib/kinova_ops/kinova_ops
/home/hiwi/workspaces/kinova_ws/kinova-ros2/overlay_ws/install/kinova_ops/lib/kinova_ops/kinova_ops2
/home/hiwi/workspaces/kinova_ws/kinova-ros2/overlay_ws/install/kinova_ops/lib/kinova_ops/kinova_ops3
