[0.074s] [34mcolcon[0m [1;30mDEBUG[0m [32mCommand line arguments: ['/home/hiwi/.local/bin/colcon', 'build'][0m
[0.074s] [34mcolcon[0m [1;30mDEBUG[0m [32mParsed command line arguments: Namespace(log_base=None, log_level=None, verb_name='build', build_base='build', install_base='install', merge_install=False, symlink_install=False, test_result_base=None, continue_on_error=False, executor='parallel', parallel_workers=24, event_handlers=None, ignore_user_meta=False, metas=['./colcon.meta'], base_paths=['.'], packages_ignore=None, packages_ignore_regex=None, paths=None, packages_up_to=None, packages_up_to_regex=None, packages_above=None, packages_above_and_dependencies=None, packages_above_depth=None, packages_select_by_dep=None, packages_skip_by_dep=None, packages_skip_up_to=None, packages_select_build_failed=False, packages_skip_build_finished=False, packages_select_test_failures=False, packages_skip_test_passed=False, packages_select=None, packages_skip=None, packages_select_regex=None, packages_skip_regex=None, packages_start=None, packages_end=None, cmake_args=None, cmake_target=None, cmake_target_skip_unavailable=False, cmake_clean_cache=False, cmake_clean_first=False, cmake_force_configure=False, ament_cmake_args=None, catkin_cmake_args=None, catkin_skip_building_tests=False, verb_parser=<colcon_defaults.argument_parser.defaults.DefaultArgumentsDecorator object at 0x75c1934caf80>, verb_extension=<colcon_core.verb.build.BuildVerb object at 0x75c1934caa70>, main=<bound method BuildVerb.main of <colcon_core.verb.build.BuildVerb object at 0x75c1934caa70>>)[0m
[0.150s] [34mcolcon.colcon_core.package_discovery[0m [1;30mLevel 1[0m discover_packages(colcon_meta) check parameters
[0.151s] [34mcolcon.colcon_core.package_discovery[0m [1;30mLevel 1[0m discover_packages(recursive) check parameters
[0.151s] [34mcolcon.colcon_core.package_discovery[0m [1;30mLevel 1[0m discover_packages(ignore) check parameters
[0.151s] [34mcolcon.colcon_core.package_discovery[0m [1;30mLevel 1[0m discover_packages(path) check parameters
[0.151s] [34mcolcon.colcon_core.package_discovery[0m [1;30mLevel 1[0m discover_packages(colcon_meta) discover
[0.151s] [34mcolcon.colcon_core.package_discovery[0m [1;30mLevel 1[0m discover_packages(recursive) discover
[0.151s] [34mcolcon.colcon_core.package_discovery[0m [1;30mINFO[0m Crawling recursively for packages in '/home/hiwi/workspaces/kinova_ws/kinova-ros2/overlay_ws'
[0.151s] [34mcolcon.colcon_core.package_identification[0m [1;30mLevel 1[0m _identify(.) by extensions ['ignore', 'ignore_ament_install']
[0.151s] [34mcolcon.colcon_core.package_identification[0m [1;30mLevel 1[0m _identify(.) by extension 'ignore'
[0.151s] [34mcolcon.colcon_core.package_identification[0m [1;30mLevel 1[0m _identify(.) by extension 'ignore_ament_install'
[0.151s] [34mcolcon.colcon_core.package_identification[0m [1;30mLevel 1[0m _identify(.) by extensions ['colcon_pkg']
[0.151s] [34mcolcon.colcon_core.package_identification[0m [1;30mLevel 1[0m _identify(.) by extension 'colcon_pkg'
[0.151s] [34mcolcon.colcon_core.package_identification[0m [1;30mLevel 1[0m _identify(.) by extensions ['colcon_meta']
[0.151s] [34mcolcon.colcon_core.package_identification[0m [1;30mLevel 1[0m _identify(.) by extension 'colcon_meta'
[0.151s] [34mcolcon.colcon_core.package_identification[0m [1;30mLevel 1[0m _identify(.) by extensions ['ros']
[0.151s] [34mcolcon.colcon_core.package_identification[0m [1;30mLevel 1[0m _identify(.) by extension 'ros'
[0.161s] [34mcolcon.colcon_core.package_identification[0m [1;30mLevel 1[0m _identify(.) by extensions ['cmake', 'python']
[0.161s] [34mcolcon.colcon_core.package_identification[0m [1;30mLevel 1[0m _identify(.) by extension 'cmake'
[0.161s] [34mcolcon.colcon_core.package_identification[0m [1;30mLevel 1[0m _identify(.) by extension 'python'
[0.161s] [34mcolcon.colcon_core.package_identification[0m [1;30mLevel 1[0m _identify(.) by extensions ['python_setup_py']
[0.161s] [34mcolcon.colcon_core.package_identification[0m [1;30mLevel 1[0m _identify(.) by extension 'python_setup_py'
[0.161s] [34mcolcon.colcon_core.package_identification[0m [1;30mLevel 1[0m _identify(build) by extensions ['ignore', 'ignore_ament_install']
[0.162s] [34mcolcon.colcon_core.package_identification[0m [1;30mLevel 1[0m _identify(build) by extension 'ignore'
[0.162s] [34mcolcon.colcon_core.package_identification[0m [1;30mLevel 1[0m _identify(build) ignored
[0.162s] [34mcolcon.colcon_core.package_identification[0m [1;30mLevel 1[0m _identify(install) by extensions ['ignore', 'ignore_ament_install']
[0.162s] [34mcolcon.colcon_core.package_identification[0m [1;30mLevel 1[0m _identify(install) by extension 'ignore'
[0.162s] [34mcolcon.colcon_core.package_identification[0m [1;30mLevel 1[0m _identify(install) ignored
[0.162s] [34mcolcon.colcon_core.package_identification[0m [1;30mLevel 1[0m _identify(log) by extensions ['ignore', 'ignore_ament_install']
[0.162s] [34mcolcon.colcon_core.package_identification[0m [1;30mLevel 1[0m _identify(log) by extension 'ignore'
[0.162s] [34mcolcon.colcon_core.package_identification[0m [1;30mLevel 1[0m _identify(log) ignored
[0.162s] [34mcolcon.colcon_core.package_identification[0m [1;30mLevel 1[0m _identify(src) by extensions ['ignore', 'ignore_ament_install']
[0.162s] [34mcolcon.colcon_core.package_identification[0m [1;30mLevel 1[0m _identify(src) by extension 'ignore'
[0.162s] [34mcolcon.colcon_core.package_identification[0m [1;30mLevel 1[0m _identify(src) by extension 'ignore_ament_install'
[0.162s] [34mcolcon.colcon_core.package_identification[0m [1;30mLevel 1[0m _identify(src) by extensions ['colcon_pkg']
[0.162s] [34mcolcon.colcon_core.package_identification[0m [1;30mLevel 1[0m _identify(src) by extension 'colcon_pkg'
[0.162s] [34mcolcon.colcon_core.package_identification[0m [1;30mLevel 1[0m _identify(src) by extensions ['colcon_meta']
[0.162s] [34mcolcon.colcon_core.package_identification[0m [1;30mLevel 1[0m _identify(src) by extension 'colcon_meta'
[0.162s] [34mcolcon.colcon_core.package_identification[0m [1;30mLevel 1[0m _identify(src) by extensions ['ros']
[0.162s] [34mcolcon.colcon_core.package_identification[0m [1;30mLevel 1[0m _identify(src) by extension 'ros'
[0.162s] [34mcolcon.colcon_core.package_identification[0m [1;30mLevel 1[0m _identify(src) by extensions ['cmake', 'python']
[0.162s] [34mcolcon.colcon_core.package_identification[0m [1;30mLevel 1[0m _identify(src) by extension 'cmake'
[0.162s] [34mcolcon.colcon_core.package_identification[0m [1;30mLevel 1[0m _identify(src) by extension 'python'
[0.162s] [34mcolcon.colcon_core.package_identification[0m [1;30mLevel 1[0m _identify(src) by extensions ['python_setup_py']
[0.162s] [34mcolcon.colcon_core.package_identification[0m [1;30mLevel 1[0m _identify(src) by extension 'python_setup_py'
[0.162s] [34mcolcon.colcon_core.package_identification[0m [1;30mLevel 1[0m _identify(src/agent_listener) by extensions ['ignore', 'ignore_ament_install']
[0.162s] [34mcolcon.colcon_core.package_identification[0m [1;30mLevel 1[0m _identify(src/agent_listener) by extension 'ignore'
[0.162s] [34mcolcon.colcon_core.package_identification[0m [1;30mLevel 1[0m _identify(src/agent_listener) by extension 'ignore_ament_install'
[0.162s] [34mcolcon.colcon_core.package_identification[0m [1;30mLevel 1[0m _identify(src/agent_listener) by extensions ['colcon_pkg']
[0.162s] [34mcolcon.colcon_core.package_identification[0m [1;30mLevel 1[0m _identify(src/agent_listener) by extension 'colcon_pkg'
[0.162s] [34mcolcon.colcon_core.package_identification[0m [1;30mLevel 1[0m _identify(src/agent_listener) by extensions ['colcon_meta']
[0.162s] [34mcolcon.colcon_core.package_identification[0m [1;30mLevel 1[0m _identify(src/agent_listener) by extension 'colcon_meta'
[0.162s] [34mcolcon.colcon_core.package_identification[0m [1;30mLevel 1[0m _identify(src/agent_listener) by extensions ['ros']
[0.162s] [34mcolcon.colcon_core.package_identification[0m [1;30mLevel 1[0m _identify(src/agent_listener) by extension 'ros'
[0.164s] [34mcolcon.colcon_core.package_identification[0m [1;30mDEBUG[0m [32mPackage 'src/agent_listener' with type 'ros.ament_cmake' and name 'agent_listener'[0m
[0.164s] [34mcolcon.colcon_core.package_identification[0m [1;30mLevel 1[0m _identify(src/agent_talker) by extensions ['ignore', 'ignore_ament_install']
[0.164s] [34mcolcon.colcon_core.package_identification[0m [1;30mLevel 1[0m _identify(src/agent_talker) by extension 'ignore'
[0.164s] [34mcolcon.colcon_core.package_identification[0m [1;30mLevel 1[0m _identify(src/agent_talker) by extension 'ignore_ament_install'
[0.164s] [34mcolcon.colcon_core.package_identification[0m [1;30mLevel 1[0m _identify(src/agent_talker) by extensions ['colcon_pkg']
[0.164s] [34mcolcon.colcon_core.package_identification[0m [1;30mLevel 1[0m _identify(src/agent_talker) by extension 'colcon_pkg'
[0.164s] [34mcolcon.colcon_core.package_identification[0m [1;30mLevel 1[0m _identify(src/agent_talker) by extensions ['colcon_meta']
[0.164s] [34mcolcon.colcon_core.package_identification[0m [1;30mLevel 1[0m _identify(src/agent_talker) by extension 'colcon_meta'
[0.164s] [34mcolcon.colcon_core.package_identification[0m [1;30mLevel 1[0m _identify(src/agent_talker) by extensions ['ros']
[0.164s] [34mcolcon.colcon_core.package_identification[0m [1;30mLevel 1[0m _identify(src/agent_talker) by extension 'ros'
[0.164s] [34mcolcon.colcon_core.package_identification[0m [1;30mDEBUG[0m [32mPackage 'src/agent_talker' with type 'ros.ament_python' and name 'agent_talker'[0m
[0.164s] [34mcolcon.colcon_core.package_identification[0m [1;30mLevel 1[0m _identify(src/kinova_agent) by extensions ['ignore', 'ignore_ament_install']
[0.164s] [34mcolcon.colcon_core.package_identification[0m [1;30mLevel 1[0m _identify(src/kinova_agent) by extension 'ignore'
[0.164s] [34mcolcon.colcon_core.package_identification[0m [1;30mLevel 1[0m _identify(src/kinova_agent) by extension 'ignore_ament_install'
[0.164s] [34mcolcon.colcon_core.package_identification[0m [1;30mLevel 1[0m _identify(src/kinova_agent) by extensions ['colcon_pkg']
[0.164s] [34mcolcon.colcon_core.package_identification[0m [1;30mLevel 1[0m _identify(src/kinova_agent) by extension 'colcon_pkg'
[0.164s] [34mcolcon.colcon_core.package_identification[0m [1;30mLevel 1[0m _identify(src/kinova_agent) by extensions ['colcon_meta']
[0.164s] [34mcolcon.colcon_core.package_identification[0m [1;30mLevel 1[0m _identify(src/kinova_agent) by extension 'colcon_meta'
[0.164s] [34mcolcon.colcon_core.package_identification[0m [1;30mLevel 1[0m _identify(src/kinova_agent) by extensions ['ros']
[0.164s] [34mcolcon.colcon_core.package_identification[0m [1;30mLevel 1[0m _identify(src/kinova_agent) by extension 'ros'
[0.164s] [34mcolcon.colcon_core.package_identification[0m [1;30mLevel 1[0m _identify(src/kinova_agent) by extensions ['cmake', 'python']
[0.164s] [34mcolcon.colcon_core.package_identification[0m [1;30mLevel 1[0m _identify(src/kinova_agent) by extension 'cmake'
[0.164s] [34mcolcon.colcon_core.package_identification[0m [1;30mLevel 1[0m _identify(src/kinova_agent) by extension 'python'
[0.164s] [34mcolcon.colcon_core.package_identification[0m [1;30mLevel 1[0m _identify(src/kinova_agent) by extensions ['python_setup_py']
[0.164s] [34mcolcon.colcon_core.package_identification[0m [1;30mLevel 1[0m _identify(src/kinova_agent) by extension 'python_setup_py'
[0.165s] [34mcolcon.colcon_core.package_identification[0m [1;30mLevel 1[0m _identify(src/kinova_agent/images) by extensions ['ignore', 'ignore_ament_install']
[0.165s] [34mcolcon.colcon_core.package_identification[0m [1;30mLevel 1[0m _identify(src/kinova_agent/images) by extension 'ignore'
[0.165s] [34mcolcon.colcon_core.package_identification[0m [1;30mLevel 1[0m _identify(src/kinova_agent/images) by extension 'ignore_ament_install'
[0.165s] [34mcolcon.colcon_core.package_identification[0m [1;30mLevel 1[0m _identify(src/kinova_agent/images) by extensions ['colcon_pkg']
[0.165s] [34mcolcon.colcon_core.package_identification[0m [1;30mLevel 1[0m _identify(src/kinova_agent/images) by extension 'colcon_pkg'
[0.165s] [34mcolcon.colcon_core.package_identification[0m [1;30mLevel 1[0m _identify(src/kinova_agent/images) by extensions ['colcon_meta']
[0.165s] [34mcolcon.colcon_core.package_identification[0m [1;30mLevel 1[0m _identify(src/kinova_agent/images) by extension 'colcon_meta'
[0.165s] [34mcolcon.colcon_core.package_identification[0m [1;30mLevel 1[0m _identify(src/kinova_agent/images) by extensions ['ros']
[0.165s] [34mcolcon.colcon_core.package_identification[0m [1;30mLevel 1[0m _identify(src/kinova_agent/images) by extension 'ros'
[0.165s] [34mcolcon.colcon_core.package_identification[0m [1;30mLevel 1[0m _identify(src/kinova_agent/images) by extensions ['cmake', 'python']
[0.165s] [34mcolcon.colcon_core.package_identification[0m [1;30mLevel 1[0m _identify(src/kinova_agent/images) by extension 'cmake'
[0.165s] [34mcolcon.colcon_core.package_identification[0m [1;30mLevel 1[0m _identify(src/kinova_agent/images) by extension 'python'
[0.165s] [34mcolcon.colcon_core.package_identification[0m [1;30mLevel 1[0m _identify(src/kinova_agent/images) by extensions ['python_setup_py']
[0.165s] [34mcolcon.colcon_core.package_identification[0m [1;30mLevel 1[0m _identify(src/kinova_agent/images) by extension 'python_setup_py'
[0.165s] [34mcolcon.colcon_core.package_identification[0m [1;30mLevel 1[0m _identify(src/kinova_ops) by extensions ['ignore', 'ignore_ament_install']
[0.165s] [34mcolcon.colcon_core.package_identification[0m [1;30mLevel 1[0m _identify(src/kinova_ops) by extension 'ignore'
[0.165s] [34mcolcon.colcon_core.package_identification[0m [1;30mLevel 1[0m _identify(src/kinova_ops) by extension 'ignore_ament_install'
[0.165s] [34mcolcon.colcon_core.package_identification[0m [1;30mLevel 1[0m _identify(src/kinova_ops) by extensions ['colcon_pkg']
[0.165s] [34mcolcon.colcon_core.package_identification[0m [1;30mLevel 1[0m _identify(src/kinova_ops) by extension 'colcon_pkg'
[0.165s] [34mcolcon.colcon_core.package_identification[0m [1;30mLevel 1[0m _identify(src/kinova_ops) by extensions ['colcon_meta']
[0.165s] [34mcolcon.colcon_core.package_identification[0m [1;30mLevel 1[0m _identify(src/kinova_ops) by extension 'colcon_meta'
[0.165s] [34mcolcon.colcon_core.package_identification[0m [1;30mLevel 1[0m _identify(src/kinova_ops) by extensions ['ros']
[0.165s] [34mcolcon.colcon_core.package_identification[0m [1;30mLevel 1[0m _identify(src/kinova_ops) by extension 'ros'
[0.165s] [34mcolcon.colcon_core.package_identification[0m [1;30mDEBUG[0m [32mPackage 'src/kinova_ops' with type 'ros.ament_python' and name 'kinova_ops'[0m
[0.165s] [34mcolcon.colcon_core.package_identification[0m [1;30mLevel 1[0m _identify(src/motion_plan) by extensions ['ignore', 'ignore_ament_install']
[0.165s] [34mcolcon.colcon_core.package_identification[0m [1;30mLevel 1[0m _identify(src/motion_plan) by extension 'ignore'
[0.165s] [34mcolcon.colcon_core.package_identification[0m [1;30mLevel 1[0m _identify(src/motion_plan) by extension 'ignore_ament_install'
[0.165s] [34mcolcon.colcon_core.package_identification[0m [1;30mLevel 1[0m _identify(src/motion_plan) by extensions ['colcon_pkg']
[0.166s] [34mcolcon.colcon_core.package_identification[0m [1;30mLevel 1[0m _identify(src/motion_plan) by extension 'colcon_pkg'
[0.166s] [34mcolcon.colcon_core.package_identification[0m [1;30mLevel 1[0m _identify(src/motion_plan) by extensions ['colcon_meta']
[0.166s] [34mcolcon.colcon_core.package_identification[0m [1;30mLevel 1[0m _identify(src/motion_plan) by extension 'colcon_meta'
[0.166s] [34mcolcon.colcon_core.package_identification[0m [1;30mLevel 1[0m _identify(src/motion_plan) by extensions ['ros']
[0.166s] [34mcolcon.colcon_core.package_identification[0m [1;30mLevel 1[0m _identify(src/motion_plan) by extension 'ros'
[0.166s] [34mcolcon.colcon_core.package_identification[0m [1;30mDEBUG[0m [32mPackage 'src/motion_plan' with type 'ros.ament_cmake' and name 'motion_plan'[0m
[0.166s] [34mcolcon.colcon_core.package_identification[0m [1;30mLevel 1[0m _identify(src/pick_n_place) by extensions ['ignore', 'ignore_ament_install']
[0.166s] [34mcolcon.colcon_core.package_identification[0m [1;30mLevel 1[0m _identify(src/pick_n_place) by extension 'ignore'
[0.166s] [34mcolcon.colcon_core.package_identification[0m [1;30mLevel 1[0m _identify(src/pick_n_place) by extension 'ignore_ament_install'
[0.166s] [34mcolcon.colcon_core.package_identification[0m [1;30mLevel 1[0m _identify(src/pick_n_place) by extensions ['colcon_pkg']
[0.166s] [34mcolcon.colcon_core.package_identification[0m [1;30mLevel 1[0m _identify(src/pick_n_place) by extension 'colcon_pkg'
[0.166s] [34mcolcon.colcon_core.package_identification[0m [1;30mLevel 1[0m _identify(src/pick_n_place) by extensions ['colcon_meta']
[0.166s] [34mcolcon.colcon_core.package_identification[0m [1;30mLevel 1[0m _identify(src/pick_n_place) by extension 'colcon_meta'
[0.166s] [34mcolcon.colcon_core.package_identification[0m [1;30mLevel 1[0m _identify(src/pick_n_place) by extensions ['ros']
[0.166s] [34mcolcon.colcon_core.package_identification[0m [1;30mLevel 1[0m _identify(src/pick_n_place) by extension 'ros'
[0.167s] [34mcolcon.colcon_core.package_identification[0m [1;30mDEBUG[0m [32mPackage 'src/pick_n_place' with type 'ros.ament_cmake' and name 'pick_n_place'[0m
[0.167s] [34mcolcon.colcon_core.package_identification[0m [1;30mLevel 1[0m _identify(src/robot_launch) by extensions ['ignore', 'ignore_ament_install']
[0.167s] [34mcolcon.colcon_core.package_identification[0m [1;30mLevel 1[0m _identify(src/robot_launch) by extension 'ignore'
[0.167s] [34mcolcon.colcon_core.package_identification[0m [1;30mLevel 1[0m _identify(src/robot_launch) by extension 'ignore_ament_install'
[0.167s] [34mcolcon.colcon_core.package_identification[0m [1;30mLevel 1[0m _identify(src/robot_launch) by extensions ['colcon_pkg']
[0.167s] [34mcolcon.colcon_core.package_identification[0m [1;30mLevel 1[0m _identify(src/robot_launch) by extension 'colcon_pkg'
[0.167s] [34mcolcon.colcon_core.package_identification[0m [1;30mLevel 1[0m _identify(src/robot_launch) by extensions ['colcon_meta']
[0.167s] [34mcolcon.colcon_core.package_identification[0m [1;30mLevel 1[0m _identify(src/robot_launch) by extension 'colcon_meta'
[0.167s] [34mcolcon.colcon_core.package_identification[0m [1;30mLevel 1[0m _identify(src/robot_launch) by extensions ['ros']
[0.167s] [34mcolcon.colcon_core.package_identification[0m [1;30mLevel 1[0m _identify(src/robot_launch) by extension 'ros'
[0.167s] [34mcolcon.colcon_core.package_identification[0m [1;30mDEBUG[0m [32mPackage 'src/robot_launch' with type 'ros.ament_cmake' and name 'robot_launch'[0m
[0.167s] [34mcolcon.colcon_core.package_discovery[0m [1;30mLevel 1[0m discover_packages(recursive) using defaults
[0.167s] [34mcolcon.colcon_core.package_discovery[0m [1;30mLevel 1[0m discover_packages(ignore) discover
[0.167s] [34mcolcon.colcon_core.package_discovery[0m [1;30mLevel 1[0m discover_packages(ignore) using defaults
[0.167s] [34mcolcon.colcon_core.package_discovery[0m [1;30mLevel 1[0m discover_packages(path) discover
[0.167s] [34mcolcon.colcon_core.package_discovery[0m [1;30mLevel 1[0m discover_packages(path) using defaults
[0.176s] [34mcolcon.colcon_core.verb[0m [1;30mLevel 5[0m set package 'agent_listener' build argument 'cmake_args' from command line to 'None'
[0.176s] [34mcolcon.colcon_core.verb[0m [1;30mLevel 5[0m set package 'agent_listener' build argument 'cmake_target' from command line to 'None'
[0.176s] [34mcolcon.colcon_core.verb[0m [1;30mLevel 5[0m set package 'agent_listener' build argument 'cmake_target_skip_unavailable' from command line to 'False'
[0.176s] [34mcolcon.colcon_core.verb[0m [1;30mLevel 5[0m set package 'agent_listener' build argument 'cmake_clean_cache' from command line to 'False'
[0.176s] [34mcolcon.colcon_core.verb[0m [1;30mLevel 5[0m set package 'agent_listener' build argument 'cmake_clean_first' from command line to 'False'
[0.176s] [34mcolcon.colcon_core.verb[0m [1;30mLevel 5[0m set package 'agent_listener' build argument 'cmake_force_configure' from command line to 'False'
[0.176s] [34mcolcon.colcon_core.verb[0m [1;30mLevel 5[0m set package 'agent_listener' build argument 'ament_cmake_args' from command line to 'None'
[0.176s] [34mcolcon.colcon_core.verb[0m [1;30mLevel 5[0m set package 'agent_listener' build argument 'catkin_cmake_args' from command line to 'None'
[0.176s] [34mcolcon.colcon_core.verb[0m [1;30mLevel 5[0m set package 'agent_listener' build argument 'catkin_skip_building_tests' from command line to 'False'
[0.176s] [34mcolcon.colcon_core.verb[0m [1;30mDEBUG[0m [32mBuilding package 'agent_listener' with the following arguments: {'ament_cmake_args': None, 'build_base': '/home/hiwi/workspaces/kinova_ws/kinova-ros2/overlay_ws/build/agent_listener', 'catkin_cmake_args': None, 'catkin_skip_building_tests': False, 'cmake_args': None, 'cmake_clean_cache': False, 'cmake_clean_first': False, 'cmake_force_configure': False, 'cmake_target': None, 'cmake_target_skip_unavailable': False, 'install_base': '/home/hiwi/workspaces/kinova_ws/kinova-ros2/overlay_ws/install/agent_listener', 'merge_install': False, 'path': '/home/hiwi/workspaces/kinova_ws/kinova-ros2/overlay_ws/src/agent_listener', 'symlink_install': False, 'test_result_base': None}[0m
[0.176s] [34mcolcon.colcon_core.verb[0m [1;30mLevel 5[0m set package 'agent_talker' build argument 'cmake_args' from command line to 'None'
[0.176s] [34mcolcon.colcon_core.verb[0m [1;30mLevel 5[0m set package 'agent_talker' build argument 'cmake_target' from command line to 'None'
[0.176s] [34mcolcon.colcon_core.verb[0m [1;30mLevel 5[0m set package 'agent_talker' build argument 'cmake_target_skip_unavailable' from command line to 'False'
[0.176s] [34mcolcon.colcon_core.verb[0m [1;30mLevel 5[0m set package 'agent_talker' build argument 'cmake_clean_cache' from command line to 'False'
[0.176s] [34mcolcon.colcon_core.verb[0m [1;30mLevel 5[0m set package 'agent_talker' build argument 'cmake_clean_first' from command line to 'False'
[0.176s] [34mcolcon.colcon_core.verb[0m [1;30mLevel 5[0m set package 'agent_talker' build argument 'cmake_force_configure' from command line to 'False'
[0.176s] [34mcolcon.colcon_core.verb[0m [1;30mLevel 5[0m set package 'agent_talker' build argument 'ament_cmake_args' from command line to 'None'
[0.176s] [34mcolcon.colcon_core.verb[0m [1;30mLevel 5[0m set package 'agent_talker' build argument 'catkin_cmake_args' from command line to 'None'
[0.176s] [34mcolcon.colcon_core.verb[0m [1;30mLevel 5[0m set package 'agent_talker' build argument 'catkin_skip_building_tests' from command line to 'False'
[0.176s] [34mcolcon.colcon_core.verb[0m [1;30mDEBUG[0m [32mBuilding package 'agent_talker' with the following arguments: {'ament_cmake_args': None, 'build_base': '/home/hiwi/workspaces/kinova_ws/kinova-ros2/overlay_ws/build/agent_talker', 'catkin_cmake_args': None, 'catkin_skip_building_tests': False, 'cmake_args': None, 'cmake_clean_cache': False, 'cmake_clean_first': False, 'cmake_force_configure': False, 'cmake_target': None, 'cmake_target_skip_unavailable': False, 'install_base': '/home/hiwi/workspaces/kinova_ws/kinova-ros2/overlay_ws/install/agent_talker', 'merge_install': False, 'path': '/home/hiwi/workspaces/kinova_ws/kinova-ros2/overlay_ws/src/agent_talker', 'symlink_install': False, 'test_result_base': None}[0m
[0.177s] [34mcolcon.colcon_core.verb[0m [1;30mLevel 5[0m set package 'kinova_ops' build argument 'cmake_args' from command line to 'None'
[0.177s] [34mcolcon.colcon_core.verb[0m [1;30mLevel 5[0m set package 'kinova_ops' build argument 'cmake_target' from command line to 'None'
[0.177s] [34mcolcon.colcon_core.verb[0m [1;30mLevel 5[0m set package 'kinova_ops' build argument 'cmake_target_skip_unavailable' from command line to 'False'
[0.177s] [34mcolcon.colcon_core.verb[0m [1;30mLevel 5[0m set package 'kinova_ops' build argument 'cmake_clean_cache' from command line to 'False'
[0.177s] [34mcolcon.colcon_core.verb[0m [1;30mLevel 5[0m set package 'kinova_ops' build argument 'cmake_clean_first' from command line to 'False'
[0.177s] [34mcolcon.colcon_core.verb[0m [1;30mLevel 5[0m set package 'kinova_ops' build argument 'cmake_force_configure' from command line to 'False'
[0.177s] [34mcolcon.colcon_core.verb[0m [1;30mLevel 5[0m set package 'kinova_ops' build argument 'ament_cmake_args' from command line to 'None'
[0.177s] [34mcolcon.colcon_core.verb[0m [1;30mLevel 5[0m set package 'kinova_ops' build argument 'catkin_cmake_args' from command line to 'None'
[0.177s] [34mcolcon.colcon_core.verb[0m [1;30mLevel 5[0m set package 'kinova_ops' build argument 'catkin_skip_building_tests' from command line to 'False'
[0.177s] [34mcolcon.colcon_core.verb[0m [1;30mDEBUG[0m [32mBuilding package 'kinova_ops' with the following arguments: {'ament_cmake_args': None, 'build_base': '/home/hiwi/workspaces/kinova_ws/kinova-ros2/overlay_ws/build/kinova_ops', 'catkin_cmake_args': None, 'catkin_skip_building_tests': False, 'cmake_args': None, 'cmake_clean_cache': False, 'cmake_clean_first': False, 'cmake_force_configure': False, 'cmake_target': None, 'cmake_target_skip_unavailable': False, 'install_base': '/home/hiwi/workspaces/kinova_ws/kinova-ros2/overlay_ws/install/kinova_ops', 'merge_install': False, 'path': '/home/hiwi/workspaces/kinova_ws/kinova-ros2/overlay_ws/src/kinova_ops', 'symlink_install': False, 'test_result_base': None}[0m
[0.177s] [34mcolcon.colcon_core.verb[0m [1;30mLevel 5[0m set package 'motion_plan' build argument 'cmake_args' from command line to 'None'
[0.177s] [34mcolcon.colcon_core.verb[0m [1;30mLevel 5[0m set package 'motion_plan' build argument 'cmake_target' from command line to 'None'
[0.177s] [34mcolcon.colcon_core.verb[0m [1;30mLevel 5[0m set package 'motion_plan' build argument 'cmake_target_skip_unavailable' from command line to 'False'
[0.177s] [34mcolcon.colcon_core.verb[0m [1;30mLevel 5[0m set package 'motion_plan' build argument 'cmake_clean_cache' from command line to 'False'
[0.177s] [34mcolcon.colcon_core.verb[0m [1;30mLevel 5[0m set package 'motion_plan' build argument 'cmake_clean_first' from command line to 'False'
[0.177s] [34mcolcon.colcon_core.verb[0m [1;30mLevel 5[0m set package 'motion_plan' build argument 'cmake_force_configure' from command line to 'False'
[0.177s] [34mcolcon.colcon_core.verb[0m [1;30mLevel 5[0m set package 'motion_plan' build argument 'ament_cmake_args' from command line to 'None'
[0.177s] [34mcolcon.colcon_core.verb[0m [1;30mLevel 5[0m set package 'motion_plan' build argument 'catkin_cmake_args' from command line to 'None'
[0.177s] [34mcolcon.colcon_core.verb[0m [1;30mLevel 5[0m set package 'motion_plan' build argument 'catkin_skip_building_tests' from command line to 'False'
[0.177s] [34mcolcon.colcon_core.verb[0m [1;30mDEBUG[0m [32mBuilding package 'motion_plan' with the following arguments: {'ament_cmake_args': None, 'build_base': '/home/hiwi/workspaces/kinova_ws/kinova-ros2/overlay_ws/build/motion_plan', 'catkin_cmake_args': None, 'catkin_skip_building_tests': False, 'cmake_args': None, 'cmake_clean_cache': False, 'cmake_clean_first': False, 'cmake_force_configure': False, 'cmake_target': None, 'cmake_target_skip_unavailable': False, 'install_base': '/home/hiwi/workspaces/kinova_ws/kinova-ros2/overlay_ws/install/motion_plan', 'merge_install': False, 'path': '/home/hiwi/workspaces/kinova_ws/kinova-ros2/overlay_ws/src/motion_plan', 'symlink_install': False, 'test_result_base': None}[0m
[0.177s] [34mcolcon.colcon_core.verb[0m [1;30mLevel 5[0m set package 'pick_n_place' build argument 'cmake_args' from command line to 'None'
[0.177s] [34mcolcon.colcon_core.verb[0m [1;30mLevel 5[0m set package 'pick_n_place' build argument 'cmake_target' from command line to 'None'
[0.177s] [34mcolcon.colcon_core.verb[0m [1;30mLevel 5[0m set package 'pick_n_place' build argument 'cmake_target_skip_unavailable' from command line to 'False'
[0.177s] [34mcolcon.colcon_core.verb[0m [1;30mLevel 5[0m set package 'pick_n_place' build argument 'cmake_clean_cache' from command line to 'False'
[0.177s] [34mcolcon.colcon_core.verb[0m [1;30mLevel 5[0m set package 'pick_n_place' build argument 'cmake_clean_first' from command line to 'False'
[0.177s] [34mcolcon.colcon_core.verb[0m [1;30mLevel 5[0m set package 'pick_n_place' build argument 'cmake_force_configure' from command line to 'False'
[0.177s] [34mcolcon.colcon_core.verb[0m [1;30mLevel 5[0m set package 'pick_n_place' build argument 'ament_cmake_args' from command line to 'None'
[0.177s] [34mcolcon.colcon_core.verb[0m [1;30mLevel 5[0m set package 'pick_n_place' build argument 'catkin_cmake_args' from command line to 'None'
[0.177s] [34mcolcon.colcon_core.verb[0m [1;30mLevel 5[0m set package 'pick_n_place' build argument 'catkin_skip_building_tests' from command line to 'False'
[0.177s] [34mcolcon.colcon_core.verb[0m [1;30mDEBUG[0m [32mBuilding package 'pick_n_place' with the following arguments: {'ament_cmake_args': None, 'build_base': '/home/hiwi/workspaces/kinova_ws/kinova-ros2/overlay_ws/build/pick_n_place', 'catkin_cmake_args': None, 'catkin_skip_building_tests': False, 'cmake_args': None, 'cmake_clean_cache': False, 'cmake_clean_first': False, 'cmake_force_configure': False, 'cmake_target': None, 'cmake_target_skip_unavailable': False, 'install_base': '/home/hiwi/workspaces/kinova_ws/kinova-ros2/overlay_ws/install/pick_n_place', 'merge_install': False, 'path': '/home/hiwi/workspaces/kinova_ws/kinova-ros2/overlay_ws/src/pick_n_place', 'symlink_install': False, 'test_result_base': None}[0m
[0.177s] [34mcolcon.colcon_core.verb[0m [1;30mLevel 5[0m set package 'robot_launch' build argument 'cmake_args' from command line to 'None'
[0.177s] [34mcolcon.colcon_core.verb[0m [1;30mLevel 5[0m set package 'robot_launch' build argument 'cmake_target' from command line to 'None'
[0.177s] [34mcolcon.colcon_core.verb[0m [1;30mLevel 5[0m set package 'robot_launch' build argument 'cmake_target_skip_unavailable' from command line to 'False'
[0.177s] [34mcolcon.colcon_core.verb[0m [1;30mLevel 5[0m set package 'robot_launch' build argument 'cmake_clean_cache' from command line to 'False'
[0.177s] [34mcolcon.colcon_core.verb[0m [1;30mLevel 5[0m set package 'robot_launch' build argument 'cmake_clean_first' from command line to 'False'
[0.177s] [34mcolcon.colcon_core.verb[0m [1;30mLevel 5[0m set package 'robot_launch' build argument 'cmake_force_configure' from command line to 'False'
[0.177s] [34mcolcon.colcon_core.verb[0m [1;30mLevel 5[0m set package 'robot_launch' build argument 'ament_cmake_args' from command line to 'None'
[0.177s] [34mcolcon.colcon_core.verb[0m [1;30mLevel 5[0m set package 'robot_launch' build argument 'catkin_cmake_args' from command line to 'None'
[0.177s] [34mcolcon.colcon_core.verb[0m [1;30mLevel 5[0m set package 'robot_launch' build argument 'catkin_skip_building_tests' from command line to 'False'
[0.177s] [34mcolcon.colcon_core.verb[0m [1;30mDEBUG[0m [32mBuilding package 'robot_launch' with the following arguments: {'ament_cmake_args': None, 'build_base': '/home/hiwi/workspaces/kinova_ws/kinova-ros2/overlay_ws/build/robot_launch', 'catkin_cmake_args': None, 'catkin_skip_building_tests': False, 'cmake_args': None, 'cmake_clean_cache': False, 'cmake_clean_first': False, 'cmake_force_configure': False, 'cmake_target': None, 'cmake_target_skip_unavailable': False, 'install_base': '/home/hiwi/workspaces/kinova_ws/kinova-ros2/overlay_ws/install/robot_launch', 'merge_install': False, 'path': '/home/hiwi/workspaces/kinova_ws/kinova-ros2/overlay_ws/src/robot_launch', 'symlink_install': False, 'test_result_base': None}[0m
[0.177s] [34mcolcon.colcon_core.executor[0m [1;30mINFO[0m Executing jobs using 'parallel' executor
[0.178s] [34mcolcon.colcon_parallel_executor.executor.parallel[0m [1;30mDEBUG[0m [32mrun_until_complete[0m
[0.178s] [34mcolcon.colcon_ros.task.ament_cmake.build[0m [1;30mINFO[0m Building ROS package in '/home/hiwi/workspaces/kinova_ws/kinova-ros2/overlay_ws/src/agent_listener' with build type 'ament_cmake'
[0.178s] [34mcolcon.colcon_cmake.task.cmake.build[0m [1;30mINFO[0m Building CMake package in '/home/hiwi/workspaces/kinova_ws/kinova-ros2/overlay_ws/src/agent_listener'
[0.179s] [34mcolcon.colcon_core.plugin_system[0m [1;30mINFO[0m Skipping extension 'colcon_core.shell.bat': Not used on non-Windows systems
[0.179s] [34mcolcon.colcon_core.shell[0m [1;30mINFO[0m Skip shell extension 'powershell' for command environment: Not usable outside of PowerShell
[0.179s] [34mcolcon.colcon_core.shell[0m [1;30mDEBUG[0m [32mSkip shell extension 'dsv' for command environment[0m
[0.182s] [34mcolcon.colcon_ros.task.ament_python.build[0m [1;30mINFO[0m Building ROS package in '/home/hiwi/workspaces/kinova_ws/kinova-ros2/overlay_ws/src/agent_talker' with build type 'ament_python'
[0.182s] [34mcolcon.colcon_core.shell[0m [1;30mLevel 1[0m create_environment_hook('agent_talker', 'ament_prefix_path')
[0.182s] [34mcolcon.colcon_core.shell[0m [1;30mINFO[0m Creating environment hook '/home/hiwi/workspaces/kinova_ws/kinova-ros2/overlay_ws/install/agent_talker/share/agent_talker/hook/ament_prefix_path.ps1'
[0.182s] [34mcolcon.colcon_core.shell[0m [1;30mINFO[0m Creating environment descriptor '/home/hiwi/workspaces/kinova_ws/kinova-ros2/overlay_ws/install/agent_talker/share/agent_talker/hook/ament_prefix_path.dsv'
[0.182s] [34mcolcon.colcon_core.shell[0m [1;30mINFO[0m Creating environment hook '/home/hiwi/workspaces/kinova_ws/kinova-ros2/overlay_ws/install/agent_talker/share/agent_talker/hook/ament_prefix_path.sh'
[0.183s] [34mcolcon.colcon_core.shell[0m [1;30mINFO[0m Skip shell extension 'powershell' for command environment: Not usable outside of PowerShell
[0.183s] [34mcolcon.colcon_core.shell[0m [1;30mDEBUG[0m [32mSkip shell extension 'dsv' for command environment[0m
[0.184s] [34mcolcon.colcon_ros.task.ament_python.build[0m [1;30mINFO[0m Building ROS package in '/home/hiwi/workspaces/kinova_ws/kinova-ros2/overlay_ws/src/kinova_ops' with build type 'ament_python'
[0.184s] [34mcolcon.colcon_core.shell[0m [1;30mLevel 1[0m create_environment_hook('kinova_ops', 'ament_prefix_path')
[0.184s] [34mcolcon.colcon_core.shell[0m [1;30mINFO[0m Creating environment hook '/home/hiwi/workspaces/kinova_ws/kinova-ros2/overlay_ws/install/kinova_ops/share/kinova_ops/hook/ament_prefix_path.ps1'
[0.185s] [34mcolcon.colcon_core.shell[0m [1;30mINFO[0m Creating environment descriptor '/home/hiwi/workspaces/kinova_ws/kinova-ros2/overlay_ws/install/kinova_ops/share/kinova_ops/hook/ament_prefix_path.dsv'
[0.185s] [34mcolcon.colcon_core.shell[0m [1;30mINFO[0m Creating environment hook '/home/hiwi/workspaces/kinova_ws/kinova-ros2/overlay_ws/install/kinova_ops/share/kinova_ops/hook/ament_prefix_path.sh'
[0.185s] [34mcolcon.colcon_core.shell[0m [1;30mINFO[0m Skip shell extension 'powershell' for command environment: Not usable outside of PowerShell
[0.185s] [34mcolcon.colcon_core.shell[0m [1;30mDEBUG[0m [32mSkip shell extension 'dsv' for command environment[0m
[0.186s] [34mcolcon.colcon_ros.task.ament_cmake.build[0m [1;30mINFO[0m Building ROS package in '/home/hiwi/workspaces/kinova_ws/kinova-ros2/overlay_ws/src/motion_plan' with build type 'ament_cmake'
[0.186s] [34mcolcon.colcon_cmake.task.cmake.build[0m [1;30mINFO[0m Building CMake package in '/home/hiwi/workspaces/kinova_ws/kinova-ros2/overlay_ws/src/motion_plan'
[0.187s] [34mcolcon.colcon_core.shell[0m [1;30mINFO[0m Skip shell extension 'powershell' for command environment: Not usable outside of PowerShell
[0.187s] [34mcolcon.colcon_core.shell[0m [1;30mDEBUG[0m [32mSkip shell extension 'dsv' for command environment[0m
[0.188s] [34mcolcon.colcon_ros.task.ament_cmake.build[0m [1;30mINFO[0m Building ROS package in '/home/hiwi/workspaces/kinova_ws/kinova-ros2/overlay_ws/src/pick_n_place' with build type 'ament_cmake'
[0.188s] [34mcolcon.colcon_cmake.task.cmake.build[0m [1;30mINFO[0m Building CMake package in '/home/hiwi/workspaces/kinova_ws/kinova-ros2/overlay_ws/src/pick_n_place'
[0.188s] [34mcolcon.colcon_core.shell[0m [1;30mINFO[0m Skip shell extension 'powershell' for command environment: Not usable outside of PowerShell
[0.188s] [34mcolcon.colcon_core.shell[0m [1;30mDEBUG[0m [32mSkip shell extension 'dsv' for command environment[0m
[0.190s] [34mcolcon.colcon_ros.task.ament_cmake.build[0m [1;30mINFO[0m Building ROS package in '/home/hiwi/workspaces/kinova_ws/kinova-ros2/overlay_ws/src/robot_launch' with build type 'ament_cmake'
[0.190s] [34mcolcon.colcon_cmake.task.cmake.build[0m [1;30mINFO[0m Building CMake package in '/home/hiwi/workspaces/kinova_ws/kinova-ros2/overlay_ws/src/robot_launch'
[0.190s] [34mcolcon.colcon_core.shell[0m [1;30mINFO[0m Skip shell extension 'powershell' for command environment: Not usable outside of PowerShell
[0.190s] [34mcolcon.colcon_core.shell[0m [1;30mDEBUG[0m [32mSkip shell extension 'dsv' for command environment[0m
[0.195s] [34mcolcon.colcon_core.event_handler.log_command[0m [1;30mDEBUG[0m [32mInvoking command in '/home/hiwi/workspaces/kinova_ws/kinova-ros2/overlay_ws/build/agent_listener': CMAKE_PREFIX_PATH=/home/hiwi/workspaces/agent_ws/install/kinova_agent:/opt/ros/humble /home/hiwi/.local/bin/cmake /home/hiwi/workspaces/kinova_ws/kinova-ros2/overlay_ws/src/agent_listener -DCMAKE_INSTALL_PREFIX=/home/hiwi/workspaces/kinova_ws/kinova-ros2/overlay_ws/install/agent_listener[0m
[0.329s] [34mcolcon.colcon_core.task.python.build[0m [1;30mINFO[0m Building Python package in '/home/hiwi/workspaces/kinova_ws/kinova-ros2/overlay_ws/src/agent_talker'
[0.329s] [34mcolcon.colcon_core.shell[0m [1;30mINFO[0m Skip shell extension 'powershell' for command environment: Not usable outside of PowerShell
[0.329s] [34mcolcon.colcon_core.shell[0m [1;30mDEBUG[0m [32mSkip shell extension 'dsv' for command environment[0m
[0.471s] [34mcolcon.colcon_core.task.python.build[0m [1;30mINFO[0m Building Python package in '/home/hiwi/workspaces/kinova_ws/kinova-ros2/overlay_ws/src/kinova_ops'
[0.472s] [34mcolcon.colcon_core.shell[0m [1;30mINFO[0m Skip shell extension 'powershell' for command environment: Not usable outside of PowerShell
[0.472s] [34mcolcon.colcon_core.shell[0m [1;30mDEBUG[0m [32mSkip shell extension 'dsv' for command environment[0m
[0.476s] [34mcolcon.colcon_core.event_handler.log_command[0m [1;30mDEBUG[0m [32mInvoking command in '/home/hiwi/workspaces/kinova_ws/kinova-ros2/overlay_ws/build/motion_plan': CMAKE_PREFIX_PATH=/home/hiwi/workspaces/agent_ws/install/kinova_agent:/opt/ros/humble /home/hiwi/.local/bin/cmake /home/hiwi/workspaces/kinova_ws/kinova-ros2/overlay_ws/src/motion_plan -DCMAKE_INSTALL_PREFIX=/home/hiwi/workspaces/kinova_ws/kinova-ros2/overlay_ws/install/motion_plan[0m
[0.479s] [34mcolcon.colcon_core.event_handler.log_command[0m [1;30mDEBUG[0m [32mInvoking command in '/home/hiwi/workspaces/kinova_ws/kinova-ros2/overlay_ws/build/pick_n_place': CMAKE_PREFIX_PATH=/home/hiwi/workspaces/agent_ws/install/kinova_agent:/opt/ros/humble /home/hiwi/.local/bin/cmake /home/hiwi/workspaces/kinova_ws/kinova-ros2/overlay_ws/src/pick_n_place -DCMAKE_INSTALL_PREFIX=/home/hiwi/workspaces/kinova_ws/kinova-ros2/overlay_ws/install/pick_n_place[0m
[0.482s] [34mcolcon.colcon_core.event_handler.log_command[0m [1;30mDEBUG[0m [32mInvoking command in '/home/hiwi/workspaces/kinova_ws/kinova-ros2/overlay_ws/build/robot_launch': CMAKE_PREFIX_PATH=/home/hiwi/workspaces/agent_ws/install/kinova_agent:/opt/ros/humble /home/hiwi/.local/bin/cmake /home/hiwi/workspaces/kinova_ws/kinova-ros2/overlay_ws/src/robot_launch -DCMAKE_INSTALL_PREFIX=/home/hiwi/workspaces/kinova_ws/kinova-ros2/overlay_ws/install/robot_launch[0m
[0.677s] [34mcolcon.colcon_core.event_handler.log_command[0m [1;30mDEBUG[0m [32mInvoking command in '/home/hiwi/workspaces/kinova_ws/kinova-ros2/overlay_ws/src/kinova_ops': PYTHONPATH=/home/hiwi/workspaces/kinova_ws/kinova-ros2/overlay_ws/build/kinova_ops/prefix_override:/home/hiwi/.local/lib/python3.10/site-packages/colcon_core/task/python/colcon_distutils_commands:/home/hiwi/workspaces/kinova_ws/kinova-ros2/overlay_ws/install/kinova_ops/lib/python3.10/site-packages:${PYTHONPATH} /usr/bin/python3 -W ignore:setup.py install is deprecated setup.py egg_info --egg-base ../../build/kinova_ops build --build-base /home/hiwi/workspaces/kinova_ws/kinova-ros2/overlay_ws/build/kinova_ops/build install --record /home/hiwi/workspaces/kinova_ws/kinova-ros2/overlay_ws/build/kinova_ops/install.log --single-version-externally-managed install_data[0m
[0.678s] [34mcolcon.colcon_core.event_handler.log_command[0m [1;30mDEBUG[0m [32mInvoking command in '/home/hiwi/workspaces/kinova_ws/kinova-ros2/overlay_ws/src/agent_talker': PYTHONPATH=/home/hiwi/workspaces/kinova_ws/kinova-ros2/overlay_ws/build/agent_talker/prefix_override:/home/hiwi/.local/lib/python3.10/site-packages/colcon_core/task/python/colcon_distutils_commands:/home/hiwi/workspaces/kinova_ws/kinova-ros2/overlay_ws/install/agent_talker/lib/python3.10/site-packages:${PYTHONPATH} /usr/bin/python3 -W ignore:setup.py install is deprecated setup.py egg_info --egg-base ../../build/agent_talker build --build-base /home/hiwi/workspaces/kinova_ws/kinova-ros2/overlay_ws/build/agent_talker/build install --record /home/hiwi/workspaces/kinova_ws/kinova-ros2/overlay_ws/build/agent_talker/install.log --single-version-externally-managed install_data[0m
[0.834s] [34mcolcon.colcon_core.event_handler.log_command[0m [1;30mDEBUG[0m [32mInvoked command in '/home/hiwi/workspaces/kinova_ws/kinova-ros2/overlay_ws/src/agent_talker' returned '0': PYTHONPATH=/home/hiwi/workspaces/kinova_ws/kinova-ros2/overlay_ws/build/agent_talker/prefix_override:/home/hiwi/.local/lib/python3.10/site-packages/colcon_core/task/python/colcon_distutils_commands:/home/hiwi/workspaces/kinova_ws/kinova-ros2/overlay_ws/install/agent_talker/lib/python3.10/site-packages:${PYTHONPATH} /usr/bin/python3 -W ignore:setup.py install is deprecated setup.py egg_info --egg-base ../../build/agent_talker build --build-base /home/hiwi/workspaces/kinova_ws/kinova-ros2/overlay_ws/build/agent_talker/build install --record /home/hiwi/workspaces/kinova_ws/kinova-ros2/overlay_ws/build/agent_talker/install.log --single-version-externally-managed install_data[0m
[0.836s] [34mcolcon.colcon_core.environment[0m [1;30mLevel 1[0m checking '/home/hiwi/workspaces/kinova_ws/kinova-ros2/overlay_ws/install/agent_talker' for CMake module files
[0.836s] [34mcolcon.colcon_core.environment[0m [1;30mLevel 1[0m checking '/home/hiwi/workspaces/kinova_ws/kinova-ros2/overlay_ws/install/agent_talker' for CMake config files
[0.837s] [34mcolcon.colcon_core.environment[0m [1;30mLevel 1[0m checking '/home/hiwi/workspaces/kinova_ws/kinova-ros2/overlay_ws/install/agent_talker/lib'
[0.837s] [34mcolcon.colcon_core.environment[0m [1;30mLevel 1[0m checking '/home/hiwi/workspaces/kinova_ws/kinova-ros2/overlay_ws/install/agent_talker/bin'
[0.837s] [34mcolcon.colcon_core.environment[0m [1;30mLevel 1[0m checking '/home/hiwi/workspaces/kinova_ws/kinova-ros2/overlay_ws/install/agent_talker/lib/pkgconfig/agent_talker.pc'
[0.838s] [34mcolcon.colcon_core.environment[0m [1;30mLevel 1[0m checking '/home/hiwi/workspaces/kinova_ws/kinova-ros2/overlay_ws/install/agent_talker/lib/python3.10/site-packages'
[0.838s] [34mcolcon.colcon_core.shell[0m [1;30mLevel 1[0m create_environment_hook('agent_talker', 'pythonpath')
[0.838s] [34mcolcon.colcon_core.shell[0m [1;30mINFO[0m Creating environment hook '/home/hiwi/workspaces/kinova_ws/kinova-ros2/overlay_ws/install/agent_talker/share/agent_talker/hook/pythonpath.ps1'
[0.838s] [34mcolcon.colcon_core.shell[0m [1;30mINFO[0m Creating environment descriptor '/home/hiwi/workspaces/kinova_ws/kinova-ros2/overlay_ws/install/agent_talker/share/agent_talker/hook/pythonpath.dsv'
[0.839s] [34mcolcon.colcon_core.shell[0m [1;30mINFO[0m Creating environment hook '/home/hiwi/workspaces/kinova_ws/kinova-ros2/overlay_ws/install/agent_talker/share/agent_talker/hook/pythonpath.sh'
[0.839s] [34mcolcon.colcon_core.environment[0m [1;30mLevel 1[0m checking '/home/hiwi/workspaces/kinova_ws/kinova-ros2/overlay_ws/install/agent_talker/bin'
[0.839s] [34mcolcon.colcon_core.environment[0m [1;30mLevel 1[0m create_environment_scripts_only(agent_talker)
[0.839s] [34mcolcon.colcon_core.shell[0m [1;30mINFO[0m Creating package script '/home/hiwi/workspaces/kinova_ws/kinova-ros2/overlay_ws/install/agent_talker/share/agent_talker/package.ps1'
[0.840s] [34mcolcon.colcon_core.shell[0m [1;30mINFO[0m Creating package descriptor '/home/hiwi/workspaces/kinova_ws/kinova-ros2/overlay_ws/install/agent_talker/share/agent_talker/package.dsv'
[0.840s] [34mcolcon.colcon_core.shell[0m [1;30mINFO[0m Creating package script '/home/hiwi/workspaces/kinova_ws/kinova-ros2/overlay_ws/install/agent_talker/share/agent_talker/package.sh'
[0.841s] [34mcolcon.colcon_core.shell[0m [1;30mINFO[0m Creating package script '/home/hiwi/workspaces/kinova_ws/kinova-ros2/overlay_ws/install/agent_talker/share/agent_talker/package.bash'
[0.841s] [34mcolcon.colcon_core.shell[0m [1;30mINFO[0m Creating package script '/home/hiwi/workspaces/kinova_ws/kinova-ros2/overlay_ws/install/agent_talker/share/agent_talker/package.zsh'
[0.841s] [34mcolcon.colcon_core.environment[0m [1;30mLevel 1[0m create_file_with_runtime_dependencies(/home/hiwi/workspaces/kinova_ws/kinova-ros2/overlay_ws/install/agent_talker/share/colcon-core/packages/agent_talker)
[0.842s] [34mcolcon.colcon_core.environment[0m [1;30mLevel 1[0m checking '/home/hiwi/workspaces/kinova_ws/kinova-ros2/overlay_ws/install/kinova_ops' for CMake module files
[0.842s] [34mcolcon.colcon_core.event_handler.log_command[0m [1;30mDEBUG[0m [32mInvoked command in '/home/hiwi/workspaces/kinova_ws/kinova-ros2/overlay_ws/src/kinova_ops' returned '0': PYTHONPATH=/home/hiwi/workspaces/kinova_ws/kinova-ros2/overlay_ws/build/kinova_ops/prefix_override:/home/hiwi/.local/lib/python3.10/site-packages/colcon_core/task/python/colcon_distutils_commands:/home/hiwi/workspaces/kinova_ws/kinova-ros2/overlay_ws/install/kinova_ops/lib/python3.10/site-packages:${PYTHONPATH} /usr/bin/python3 -W ignore:setup.py install is deprecated setup.py egg_info --egg-base ../../build/kinova_ops build --build-base /home/hiwi/workspaces/kinova_ws/kinova-ros2/overlay_ws/build/kinova_ops/build install --record /home/hiwi/workspaces/kinova_ws/kinova-ros2/overlay_ws/build/kinova_ops/install.log --single-version-externally-managed install_data[0m
[0.842s] [34mcolcon.colcon_core.environment[0m [1;30mLevel 1[0m checking '/home/hiwi/workspaces/kinova_ws/kinova-ros2/overlay_ws/install/kinova_ops' for CMake config files
[0.843s] [34mcolcon.colcon_core.environment[0m [1;30mLevel 1[0m checking '/home/hiwi/workspaces/kinova_ws/kinova-ros2/overlay_ws/install/kinova_ops/lib'
[0.843s] [34mcolcon.colcon_core.environment[0m [1;30mLevel 1[0m checking '/home/hiwi/workspaces/kinova_ws/kinova-ros2/overlay_ws/install/kinova_ops/bin'
[0.843s] [34mcolcon.colcon_core.environment[0m [1;30mLevel 1[0m checking '/home/hiwi/workspaces/kinova_ws/kinova-ros2/overlay_ws/install/kinova_ops/lib/pkgconfig/kinova_ops.pc'
[0.843s] [34mcolcon.colcon_core.environment[0m [1;30mLevel 1[0m checking '/home/hiwi/workspaces/kinova_ws/kinova-ros2/overlay_ws/install/kinova_ops/lib/python3.10/site-packages'
[0.843s] [34mcolcon.colcon_core.shell[0m [1;30mLevel 1[0m create_environment_hook('kinova_ops', 'pythonpath')
[0.843s] [34mcolcon.colcon_core.shell[0m [1;30mINFO[0m Creating environment hook '/home/hiwi/workspaces/kinova_ws/kinova-ros2/overlay_ws/install/kinova_ops/share/kinova_ops/hook/pythonpath.ps1'
[0.843s] [34mcolcon.colcon_core.shell[0m [1;30mINFO[0m Creating environment descriptor '/home/hiwi/workspaces/kinova_ws/kinova-ros2/overlay_ws/install/kinova_ops/share/kinova_ops/hook/pythonpath.dsv'
[0.843s] [34mcolcon.colcon_core.shell[0m [1;30mINFO[0m Creating environment hook '/home/hiwi/workspaces/kinova_ws/kinova-ros2/overlay_ws/install/kinova_ops/share/kinova_ops/hook/pythonpath.sh'
[0.843s] [34mcolcon.colcon_core.environment[0m [1;30mLevel 1[0m checking '/home/hiwi/workspaces/kinova_ws/kinova-ros2/overlay_ws/install/kinova_ops/bin'
[0.843s] [34mcolcon.colcon_core.environment[0m [1;30mLevel 1[0m create_environment_scripts_only(kinova_ops)
[0.844s] [34mcolcon.colcon_core.shell[0m [1;30mINFO[0m Creating package script '/home/hiwi/workspaces/kinova_ws/kinova-ros2/overlay_ws/install/kinova_ops/share/kinova_ops/package.ps1'
[0.844s] [34mcolcon.colcon_core.shell[0m [1;30mINFO[0m Creating package descriptor '/home/hiwi/workspaces/kinova_ws/kinova-ros2/overlay_ws/install/kinova_ops/share/kinova_ops/package.dsv'
[0.844s] [34mcolcon.colcon_core.shell[0m [1;30mINFO[0m Creating package script '/home/hiwi/workspaces/kinova_ws/kinova-ros2/overlay_ws/install/kinova_ops/share/kinova_ops/package.sh'
[0.844s] [34mcolcon.colcon_core.shell[0m [1;30mINFO[0m Creating package script '/home/hiwi/workspaces/kinova_ws/kinova-ros2/overlay_ws/install/kinova_ops/share/kinova_ops/package.bash'
[0.844s] [34mcolcon.colcon_core.shell[0m [1;30mINFO[0m Creating package script '/home/hiwi/workspaces/kinova_ws/kinova-ros2/overlay_ws/install/kinova_ops/share/kinova_ops/package.zsh'
[0.844s] [34mcolcon.colcon_core.environment[0m [1;30mLevel 1[0m create_file_with_runtime_dependencies(/home/hiwi/workspaces/kinova_ws/kinova-ros2/overlay_ws/install/kinova_ops/share/colcon-core/packages/kinova_ops)
[0.865s] [34mcolcon.colcon_core.event_handler.log_command[0m [1;30mDEBUG[0m [32mInvoked command in '/home/hiwi/workspaces/kinova_ws/kinova-ros2/overlay_ws/build/motion_plan' returned '1': CMAKE_PREFIX_PATH=/home/hiwi/workspaces/agent_ws/install/kinova_agent:/opt/ros/humble /home/hiwi/.local/bin/cmake /home/hiwi/workspaces/kinova_ws/kinova-ros2/overlay_ws/src/motion_plan -DCMAKE_INSTALL_PREFIX=/home/hiwi/workspaces/kinova_ws/kinova-ros2/overlay_ws/install/motion_plan[0m
[0.896s] [34mcolcon.colcon_core.event_handler.log_command[0m [1;30mDEBUG[0m [32mInvoked command in '/home/hiwi/workspaces/kinova_ws/kinova-ros2/overlay_ws/build/pick_n_place' returned '1': CMAKE_PREFIX_PATH=/home/hiwi/workspaces/agent_ws/install/kinova_agent:/opt/ros/humble /home/hiwi/.local/bin/cmake /home/hiwi/workspaces/kinova_ws/kinova-ros2/overlay_ws/src/pick_n_place -DCMAKE_INSTALL_PREFIX=/home/hiwi/workspaces/kinova_ws/kinova-ros2/overlay_ws/install/pick_n_place[0m
[0.909s] [34mcolcon.colcon_core.environment[0m [1;30mLevel 1[0m create_environment_scripts_only(motion_plan)
[0.909s] [34mcolcon.colcon_core.environment[0m [1;30mLevel 1[0m checking '/home/hiwi/workspaces/kinova_ws/kinova-ros2/overlay_ws/install/motion_plan' for CMake module files
[0.909s] [34mcolcon.colcon_core.environment[0m [1;30mLevel 1[0m checking '/home/hiwi/workspaces/kinova_ws/kinova-ros2/overlay_ws/install/motion_plan' for CMake config files
[0.909s] [34mcolcon.colcon_core.environment[0m [1;30mLevel 1[0m checking '/home/hiwi/workspaces/kinova_ws/kinova-ros2/overlay_ws/install/motion_plan/bin'
[0.909s] [34mcolcon.colcon_core.environment[0m [1;30mLevel 1[0m checking '/home/hiwi/workspaces/kinova_ws/kinova-ros2/overlay_ws/install/motion_plan/lib/pkgconfig/motion_plan.pc'
[0.910s] [34mcolcon.colcon_core.environment[0m [1;30mLevel 1[0m checking '/home/hiwi/workspaces/kinova_ws/kinova-ros2/overlay_ws/install/motion_plan/lib/python3.10/site-packages'
[0.910s] [34mcolcon.colcon_core.environment[0m [1;30mLevel 1[0m checking '/home/hiwi/workspaces/kinova_ws/kinova-ros2/overlay_ws/install/motion_plan/bin'
[0.910s] [34mcolcon.colcon_core.shell[0m [1;30mINFO[0m Creating package script '/home/hiwi/workspaces/kinova_ws/kinova-ros2/overlay_ws/install/motion_plan/share/motion_plan/package.ps1'
[0.910s] [34mcolcon.colcon_core.shell[0m [1;30mINFO[0m Creating package descriptor '/home/hiwi/workspaces/kinova_ws/kinova-ros2/overlay_ws/install/motion_plan/share/motion_plan/package.dsv'
[0.910s] [34mcolcon.colcon_core.shell[0m [1;30mINFO[0m Creating package script '/home/hiwi/workspaces/kinova_ws/kinova-ros2/overlay_ws/install/motion_plan/share/motion_plan/package.sh'
[0.910s] [34mcolcon.colcon_core.shell[0m [1;30mINFO[0m Creating package script '/home/hiwi/workspaces/kinova_ws/kinova-ros2/overlay_ws/install/motion_plan/share/motion_plan/package.bash'
[0.910s] [34mcolcon.colcon_core.shell[0m [1;30mINFO[0m Creating package script '/home/hiwi/workspaces/kinova_ws/kinova-ros2/overlay_ws/install/motion_plan/share/motion_plan/package.zsh'
[0.910s] [34mcolcon.colcon_core.environment[0m [1;30mLevel 1[0m create_file_with_runtime_dependencies(/home/hiwi/workspaces/kinova_ws/kinova-ros2/overlay_ws/install/motion_plan/share/colcon-core/packages/motion_plan)
[1.669s] [34mcolcon.colcon_parallel_executor.executor.parallel[0m [1;30mDEBUG[0m [32mclosing loop[0m
[1.669s] [34mcolcon.colcon_parallel_executor.executor.parallel[0m [1;30mDEBUG[0m [32mloop closed[0m
[1.669s] [34mcolcon.colcon_parallel_executor.executor.parallel[0m [1;30mDEBUG[0m [32mrun_until_complete finished with '1'[0m
[1.669s] [34mcolcon.colcon_core.event_reactor[0m [1;30mDEBUG[0m [32mjoining thread[0m
[1.673s] [34mcolcon.colcon_core.plugin_system[0m [1;30mINFO[0m Skipping extension 'colcon_notification.desktop_notification.terminal_notifier': Not used on non-Darwin systems
[1.673s] [34mcolcon.colcon_core.plugin_system[0m [1;30mINFO[0m Skipping extension 'colcon_notification.desktop_notification.win32': Not used on non-Windows systems
[1.673s] [34mcolcon.colcon_notification.desktop_notification[0m [1;30mINFO[0m Sending desktop notification using 'notify2'
[1.679s] [34mcolcon.colcon_core.event_reactor[0m [1;30mDEBUG[0m [32mjoined thread[0m
[1.679s] [34mcolcon.colcon_core.shell[0m [1;30mINFO[0m Creating prefix script '/home/hiwi/workspaces/kinova_ws/kinova-ros2/overlay_ws/install/local_setup.ps1'
[1.680s] [34mcolcon.colcon_core.shell[0m [1;30mINFO[0m Creating prefix util module '/home/hiwi/workspaces/kinova_ws/kinova-ros2/overlay_ws/install/_local_setup_util_ps1.py'
[1.680s] [34mcolcon.colcon_core.shell[0m [1;30mINFO[0m Creating prefix chain script '/home/hiwi/workspaces/kinova_ws/kinova-ros2/overlay_ws/install/setup.ps1'
[1.681s] [34mcolcon.colcon_core.shell[0m [1;30mINFO[0m Creating prefix script '/home/hiwi/workspaces/kinova_ws/kinova-ros2/overlay_ws/install/local_setup.sh'
[1.681s] [34mcolcon.colcon_core.shell[0m [1;30mINFO[0m Creating prefix util module '/home/hiwi/workspaces/kinova_ws/kinova-ros2/overlay_ws/install/_local_setup_util_sh.py'
[1.681s] [34mcolcon.colcon_core.shell[0m [1;30mINFO[0m Creating prefix chain script '/home/hiwi/workspaces/kinova_ws/kinova-ros2/overlay_ws/install/setup.sh'
[1.682s] [34mcolcon.colcon_core.shell[0m [1;30mINFO[0m Creating prefix script '/home/hiwi/workspaces/kinova_ws/kinova-ros2/overlay_ws/install/local_setup.bash'
[1.682s] [34mcolcon.colcon_core.shell[0m [1;30mINFO[0m Creating prefix chain script '/home/hiwi/workspaces/kinova_ws/kinova-ros2/overlay_ws/install/setup.bash'
[1.682s] [34mcolcon.colcon_core.shell[0m [1;30mINFO[0m Creating prefix script '/home/hiwi/workspaces/kinova_ws/kinova-ros2/overlay_ws/install/local_setup.zsh'
[1.683s] [34mcolcon.colcon_core.shell[0m [1;30mINFO[0m Creating prefix chain script '/home/hiwi/workspaces/kinova_ws/kinova-ros2/overlay_ws/install/setup.zsh'
